// Jest Snapshot v1, https://goo.gl/fbAQLP

exports[`snapshot test for ArticleActions component 1`] = `null`;
